<?xml version="1.0" encoding="UTF-8"?>
<testsuites name="jest tests" tests="62" failures="1" errors="0" time="10.756">
  <testsuite name="Upload files" errors="0" failures="0" skipped="0" timestamp="2026-08-30T11:20:40" time="3.238" tests="2">
    <testcase classname="Upload files POST /upload/single" name="Upload files POST /upload/single" time="1.358">
    </testcase>
    <testcase classname="Upload files POST /upload/multiple" name="Upload files POST /upload/multiple" time="1.653">
    </testcase>
  </testsuite>
  <testsuite name="Brands Negative Test" errors="0" failures="0" skipped="0" timestamp="2026-08-30T11:20:40" time="4.538" tests="8">
    <testcase classname="Brands Negative Test Brand Schema Validation Test POST an existing brand /brands" name="Brands Negative Test Brand Schema Validation Test POST an existing brand /brands" time="0.447">
    </testcase>
    <testcase classname="Brands Negative Test Brand Schema Validation Test Business Logic - Brand doesnt exist" name="Brands Negative Test Brand Schema Validation Test Business Logic - Brand doesnt exist" time="0.427">
    </testcase>
    <testcase classname="Brands Negative Test Fetch a new brand Test GET /brands/:id" name="Brands Negative Test Fetch a new brand Test GET /brands/:id" time="1.426">
    </testcase>
    <testcase classname="Brands Negative Test PUT Schema &amp; Business Logic validation PUT brands fail on name &gt;30 chars" name="Brands Negative Test PUT Schema &amp; Business Logic validation PUT brands fail on name &gt;30 chars" time="0.537">
    </testcase>
    <testcase classname="Brands Negative Test PUT Schema &amp; Business Logic validation PUT brands description must be string" name="Brands Negative Test PUT Schema &amp; Business Logic validation PUT brands description must be string" time="0.363">
    </testcase>
    <testcase classname="Brands Negative Test PUT Schema &amp; Business Logic validation PUT brands Business Logic - Invalid Brand" name="Brands Negative Test PUT Schema &amp; Business Logic validation PUT brands Business Logic - Invalid Brand" time="0.294">
    </testcase>
    <testcase classname="Brands Negative Test DELETE a new brand Test DELETE brands" name="Brands Negative Test DELETE a new brand Test DELETE brands" time="0.519">
    </testcase>
    <testcase classname="Brands Negative Test DELETE a new brand Test DELETE Invalid brand" name="Brands Negative Test DELETE a new brand Test DELETE Invalid brand" time="0.327">
    </testcase>
  </testsuite>
  <testsuite name="POC Tests" errors="0" failures="0" skipped="0" timestamp="2026-08-30T11:20:45" time="0.681" tests="6">
    <testcase classname="POC Tests Get Requests GET /posts" name="POC Tests Get Requests GET /posts" time="0.049">
    </testcase>
    <testcase classname="POC Tests Get Requests GET /comments with query params" name="POC Tests Get Requests GET /comments with query params" time="0.041">
    </testcase>
    <testcase classname="POC Tests Post Requests POST to /posts" name="POC Tests Post Requests POST to /posts" time="0.113">
    </testcase>
    <testcase classname="POC Tests PUT Requests PUT to update  /posts{id}" name="POC Tests PUT Requests PUT to update  /posts{id}" time="0.164">
    </testcase>
    <testcase classname="POC Tests PATCH Requests PATCH to update  /posts{id}" name="POC Tests PATCH Requests PATCH to update  /posts{id}" time="0.157">
    </testcase>
    <testcase classname="POC Tests DELETE Requests PATCH to update  /posts{id}" name="POC Tests DELETE Requests PATCH to update  /posts{id}" time="0.118">
    </testcase>
  </testsuite>
  <testsuite name="Brands Test" errors="0" failures="0" skipped="0" timestamp="2026-08-30T11:20:43" time="2.044" tests="1">
    <testcase classname="Brands Test GET /brands" name="Brands Test GET /brands" time="2.009">
    </testcase>
  </testsuite>
  <testsuite name="Brands Test" errors="0" failures="0" skipped="0" timestamp="2026-08-30T11:20:40" time="5.458" tests="6">
    <testcase classname="Brands Test GET all brands Test GET /brands" name="Brands Test GET all brands Test GET /brands" time="2.791">
    </testcase>
    <testcase classname="Brands Test GET brand by Id Test GET /brands/:id" name="Brands Test GET brand by Id Test GET /brands/:id" time="0.426">
    </testcase>
    <testcase classname="Brands Test Create &amp; Fetch a new brand Test POST a new /brands" name="Brands Test Create &amp; Fetch a new brand Test POST a new /brands" time="0.386">
    </testcase>
    <testcase classname="Brands Test Create &amp; Fetch a new brand Test GET /brands/:id" name="Brands Test Create &amp; Fetch a new brand Test GET /brands/:id" time="0.378">
    </testcase>
    <testcase classname="Brands Test PUT for a new brand Test PUT brands" name="Brands Test PUT for a new brand Test PUT brands" time="0.729">
    </testcase>
    <testcase classname="Brands Test DELETE a new brand Test DELETE brands" name="Brands Test DELETE a new brand Test DELETE brands" time="0.521">
    </testcase>
  </testsuite>
  <testsuite name="Brands Test" errors="0" failures="1" skipped="0" timestamp="2026-08-30T11:20:40" time="5.65" tests="9">
    <testcase classname="Brands Test Create brand Test POST a new /brands" name="Brands Test Create brand Test POST a new /brands" time="0.448">
    </testcase>
    <testcase classname="Brands Test Create brand Test Schema Verification - Name is mandatory field" name="Brands Test Create brand Test Schema Verification - Name is mandatory field" time="0.326">
    </testcase>
    <testcase classname="Brands Test Create brand Test Schema Verification - Name minimum length &gt;1" name="Brands Test Create brand Test Schema Verification - Name minimum length &gt;1" time="0.425">
    </testcase>
    <testcase classname="Brands Test Create brand Test POST an existing brand /brands" name="Brands Test Create brand Test POST an existing brand /brands" time="1.847">
    </testcase>
    <testcase classname="Brands Test Create brand Test Business Logic - Brand doesnt exist" name="Brands Test Create brand Test Business Logic - Brand doesnt exist" time="0.383">
    </testcase>
    <testcase classname="Brands Test Create brand Test Business Logic - Brand id not valid length or format" name="Brands Test Create brand Test Business Logic - Brand id not valid length or format" time="0.326">
    </testcase>
    <testcase classname="Brands Test Fetch a new brand Test GET /brands/:id" name="Brands Test Fetch a new brand Test GET /brands/:id" time="0.493">
    </testcase>
    <testcase classname="Brands Test PUT for a new brand Test PUT brands" name="Brands Test PUT for a new brand Test PUT brands" time="0.652">
      <failure>Error: expect(received).toEqual(expected) // deep equality

Expected: 200
Received: 422
    at Object.&lt;anonymous&gt; (C:\Users\admin\api-automation\specs\C:\Users\admin\api-automation\specs\brands.schema.spec.ts:136:30)
    at processTicksAndRejections (node:internal/process/task_queues:104:5)</failure>
    </testcase>
    <testcase classname="Brands Test DELETE a new brand Test DELETE brands" name="Brands Test DELETE a new brand Test DELETE brands" time="0.494">
    </testcase>
  </testsuite>
  <testsuite name="Categories API Test Cases" errors="0" failures="0" skipped="0" timestamp="2026-08-30T11:20:40" time="7.161" tests="4">
    <testcase classname="Categories API Test Cases Get Categories GET /categories" name="Categories API Test Cases Get Categories GET /categories" time="1.879">
    </testcase>
    <testcase classname="Categories API Test Cases Create Categories POST /categories" name="Categories API Test Cases Create Categories POST /categories" time="0.516">
    </testcase>
    <testcase classname="Categories API Test Cases Update Categories Put /categories by ID" name="Categories API Test Cases Update Categories Put /categories by ID" time="0.495">
    </testcase>
    <testcase classname="Categories API Test Cases Delete Categories Delete /categories by ID" name="Categories API Test Cases Delete Categories Delete /categories by ID" time="0.522">
    </testcase>
  </testsuite>
  <testsuite name="Brands API Test Cases" errors="0" failures="0" skipped="0" timestamp="2026-08-30T11:20:40" time="10.281" tests="13">
    <testcase classname="Brands API Test Cases Fetch brands GET /brands" name="Brands API Test Cases Fetch brands GET /brands" time="2.3">
    </testcase>
    <testcase classname="Brands API Test Cases Create Brands POST /brands" name="Brands API Test Cases Create Brands POST /brands" time="0.001">
    </testcase>
    <testcase classname="Brands API Test Cases Create Brands Schema Verification - Name is mandatory field" name="Brands API Test Cases Create Brands Schema Verification - Name is mandatory field" time="0.328">
    </testcase>
    <testcase classname="Brands API Test Cases Create Brands Schema Verification - Name minimum length &gt;1" name="Brands API Test Cases Create Brands Schema Verification - Name minimum length &gt;1" time="0.329">
    </testcase>
    <testcase classname="Brands API Test Cases Create Brands Business Logig - brands name &gt;30 chars" name="Brands API Test Cases Create Brands Business Logig - brands name &gt;30 chars" time="0.306">
    </testcase>
    <testcase classname="Brands API Test Cases Create Brands Business Logic - Duplicate brand entries not allowed" name="Brands API Test Cases Create Brands Business Logic - Duplicate brand entries not allowed" time="0.685">
    </testcase>
    <testcase classname="Brands API Test Cases Fetch Individual Brand GET /brands/:id" name="Brands API Test Cases Fetch Individual Brand GET /brands/:id" time="0.419">
    </testcase>
    <testcase classname="Brands API Test Cases Fetch Individual Brand Business Logic - Brand doesnt exist" name="Brands API Test Cases Fetch Individual Brand Business Logic - Brand doesnt exist" time="0.412">
    </testcase>
    <testcase classname="Brands API Test Cases Update Brands PUT brands fail on name &gt;30 chars" name="Brands API Test Cases Update Brands PUT brands fail on name &gt;30 chars" time="0.326">
    </testcase>
    <testcase classname="Brands API Test Cases Update Brands PUT brands description must be string" name="Brands API Test Cases Update Brands PUT brands description must be string" time="0.321">
    </testcase>
    <testcase classname="Brands API Test Cases Update Brands PUT brands Business Logic - Invalid Brand" name="Brands API Test Cases Update Brands PUT brands Business Logic - Invalid Brand" time="0.284">
    </testcase>
    <testcase classname="Brands API Test Cases DELETE Brands DELETE brands" name="Brands API Test Cases DELETE Brands DELETE brands" time="0.517">
    </testcase>
    <testcase classname="Brands API Test Cases DELETE Brands DELETE Invalid brand" name="Brands API Test Cases DELETE Brands DELETE Invalid brand" time="0.293">
    </testcase>
  </testsuite>
  <testsuite name="Brands API Test Cases" errors="0" failures="0" skipped="0" timestamp="2026-08-30T11:20:40" time="10.413" tests="13">
    <testcase classname="Brands API Test Cases Fetch brands GET /brands" name="Brands API Test Cases Fetch brands GET /brands" time="2.969">
    </testcase>
    <testcase classname="Brands API Test Cases Create Brands POST /brands" name="Brands API Test Cases Create Brands POST /brands" time="0.001">
    </testcase>
    <testcase classname="Brands API Test Cases Create Brands Schema Verification - Name is mandatory field" name="Brands API Test Cases Create Brands Schema Verification - Name is mandatory field" time="0.325">
    </testcase>
    <testcase classname="Brands API Test Cases Create Brands Schema Verification - Name minimum length &gt;1" name="Brands API Test Cases Create Brands Schema Verification - Name minimum length &gt;1" time="0.327">
    </testcase>
    <testcase classname="Brands API Test Cases Create Brands Business Logig - brands name &gt;30 chars" name="Brands API Test Cases Create Brands Business Logig - brands name &gt;30 chars" time="0.311">
    </testcase>
    <testcase classname="Brands API Test Cases Create Brands Business Logic - Duplicate brand entries not allowed" name="Brands API Test Cases Create Brands Business Logic - Duplicate brand entries not allowed" time="0.47">
    </testcase>
    <testcase classname="Brands API Test Cases Fetch Individual Brand GET /brands/:id" name="Brands API Test Cases Fetch Individual Brand GET /brands/:id" time="0.417">
    </testcase>
    <testcase classname="Brands API Test Cases Fetch Individual Brand Business Logic - Brand doesnt exist" name="Brands API Test Cases Fetch Individual Brand Business Logic - Brand doesnt exist" time="0.414">
    </testcase>
    <testcase classname="Brands API Test Cases Update Brands PUT brands fail on name &gt;30 chars" name="Brands API Test Cases Update Brands PUT brands fail on name &gt;30 chars" time="0.286">
    </testcase>
    <testcase classname="Brands API Test Cases Update Brands PUT brands description must be string" name="Brands API Test Cases Update Brands PUT brands description must be string" time="0.296">
    </testcase>
    <testcase classname="Brands API Test Cases Update Brands PUT brands Business Logic - Invalid Brand" name="Brands API Test Cases Update Brands PUT brands Business Logic - Invalid Brand" time="0.326">
    </testcase>
    <testcase classname="Brands API Test Cases DELETE Brands DELETE brands" name="Brands API Test Cases DELETE Brands DELETE brands" time="0.523">
    </testcase>
    <testcase classname="Brands API Test Cases DELETE Brands DELETE Invalid brand" name="Brands API Test Cases DELETE Brands DELETE Invalid brand" time="0.317">
    </testcase>
  </testsuite>
</testsuites>